// Jest Snapshot v1, https://goo.gl/fbAQLP

exports[`Pruebas en <GifGridItem /> Debe mostrar corectamente el componente 1`] = `
<div
  className="card animate__animated animate__fadeIn"
>
  <img
    alt="Un título"
    src="http://localhost:8080"
  />
  <p>
    <small>
      <strong>
        Un título
      </strong>
    </small>
  </p>
</div>
`;
